INFO: memory[0x00000000..0x00000003] <-- 0x8d090000
INFO: memory[0x00000004..0x00000007] <-- 0x8d0a0004
INFO: memory[0x00000008..0x0000000b] <-- 0x00000020
INFO: memory[0x0000000c..0x0000000f] <-- 0x00000020
INFO: memory[0x00000010..0x00000013] <-- 0x012a5820
INFO: memory[0x00000014..0x00000017] <-- 0x00000020
INFO: memory[0x00000018..0x0000001b] <-- 0x00000020
INFO: memory[0x0000001c..0x0000001f] <-- 0xad0b0008
INFO: memory[0x00000020..0x00000023] <-- 0x016c6822
INFO: memory[0x00000024..0x00000027] <-- 0x00000020
INFO: memory[0x00000028..0x0000002b] <-- 0x00000020
INFO: memory[0x0000002c..0x0000002f] <-- 0xad0d000c
INFO: memory[0x00000030..0x00000033] <-- 0x00000020
INFO: memory[0x00000034..0x00000037] <-- 0x00000020
INFO: memory[0x00000038..0x0000003b] <-- 0x00000020
INFO: memory[0x0000003c..0x0000003f] <-- 0x00000020
INFO: $08 <-- 0x00000000
INFO: $12 <-- 0x00000001
INFO: memory[0x00000000..0x00000003] <-- 0x00000010
INFO: memory[0x00000004..0x00000007] <-- 0x00000055
==================== Cycle 0 ====================
PC = 0xfffffffc
Registers:
  $12 = 0x00000001
Data Memory:
  memory[0x00000003..0x00000000] = 0x00000010
  memory[0x00000007..0x00000004] = 0x00000055
Instruction Memory:
  memory[0x00000003..0x00000000] = 0x8d090000
  memory[0x00000007..0x00000004] = 0x8d0a0004
  memory[0x0000000b..0x00000008] = 0x00000020
  memory[0x0000000f..0x0000000c] = 0x00000020
  memory[0x00000013..0x00000010] = 0x012a5820
  memory[0x00000017..0x00000014] = 0x00000020
  memory[0x0000001b..0x00000018] = 0x00000020
  memory[0x0000001f..0x0000001c] = 0xad0b0008
  memory[0x00000023..0x00000020] = 0x016c6822
  memory[0x00000027..0x00000024] = 0x00000020
  memory[0x0000002b..0x00000028] = 0x00000020
  memory[0x0000002f..0x0000002c] = 0xad0d000c
  memory[0x00000033..0x00000030] = 0x00000020
  memory[0x00000037..0x00000034] = 0x00000020
  memory[0x0000003b..0x00000038] = 0x00000020
  memory[0x0000003f..0x0000003c] = 0x00000020
Latches:
  IF-ID Latch:
    pcPlus4          = 0x00000000
    instruction      = 0x00000000
  ID-EX Latch:
    ctrlWBMemToReg   = 0b0
    ctrlWBRegWrite   = 0b0
    ctrlMEMBranch    = 0b0
    ctrlMEMMemRead   = 0b0
    ctrlMEMMemWrite  = 0b0
    ctrlEXRegDst     = 0b0
    ctrlEXALUOp      = 0b00
    ctrlEXALUSrc     = 0b0
    pcPlus4          = 0x00000000
    regFileReadData1 = 0x00000000
    regFileReadData2 = 0x00000000
    signExtImmediate = 0x00000000
    rt               = 0b00000
    rd               = 0b00000
  EX-MEM Latch:
    ctrlWBMemToReg   = 0b0
    ctrlWBRegWrite   = 0b0
    ctrlMEMBranch    = 0b0
    ctrlMEMMemRead   = 0b0
    ctrlMEMMemWrite  = 0b0
    branchTargetAddr = 0x00000000
    aluZero          = 0b0
    aluResult        = 0x00000000
    regFileReadData2 = 0x00000000
    regDstIdx        = 0b00000
  MEM-WB Latch:
    ctrlWBMemToReg   = 0b0
    ctrlWBRegWrite   = 0b0
    dataMemReadData  = 0x00000000
    aluResult        = 0x00000000
    regDstIdx        = 0b00000
==================== Cycle 1 ====================
PC = 0x00000000
Registers:
  $12 = 0x00000001
Data Memory:
  memory[0x00000003..0x00000000] = 0x00000010
  memory[0x00000007..0x00000004] = 0x00000055
Instruction Memory:
  memory[0x00000003..0x00000000] = 0x8d090000
  memory[0x00000007..0x00000004] = 0x8d0a0004
  memory[0x0000000b..0x00000008] = 0x00000020
  memory[0x0000000f..0x0000000c] = 0x00000020
  memory[0x00000013..0x00000010] = 0x012a5820
  memory[0x00000017..0x00000014] = 0x00000020
  memory[0x0000001b..0x00000018] = 0x00000020
  memory[0x0000001f..0x0000001c] = 0xad0b0008
  memory[0x00000023..0x00000020] = 0x016c6822
  memory[0x00000027..0x00000024] = 0x00000020
  memory[0x0000002b..0x00000028] = 0x00000020
  memory[0x0000002f..0x0000002c] = 0xad0d000c
  memory[0x00000033..0x00000030] = 0x00000020
  memory[0x00000037..0x00000034] = 0x00000020
  memory[0x0000003b..0x00000038] = 0x00000020
  memory[0x0000003f..0x0000003c] = 0x00000020
Latches:
  IF-ID Latch:
    pcPlus4          = 0x00000004
    instruction      = 0x8d090000
  ID-EX Latch:
    ctrlWBMemToReg   = 0b0
    ctrlWBRegWrite   = 0b1
    ctrlMEMBranch    = 0b0
    ctrlMEMMemRead   = 0b0
    ctrlMEMMemWrite  = 0b0
    ctrlEXRegDst     = 0b1
    ctrlEXALUOp      = 0b10
    ctrlEXALUSrc     = 0b0
    pcPlus4          = 0x00000000
    regFileReadData1 = 0x00000000
    regFileReadData2 = 0x00000000
    signExtImmediate = 0x00000000
    rt               = 0b00000
    rd               = 0b00000
  EX-MEM Latch:
    ctrlWBMemToReg   = 0b0
    ctrlWBRegWrite   = 0b0
    ctrlMEMBranch    = 0b0
    ctrlMEMMemRead   = 0b0
    ctrlMEMMemWrite  = 0b0
    branchTargetAddr = 0x00000000
    aluZero          = 0b1
    aluResult        = 0x00000000
    regFileReadData2 = 0x00000000
    regDstIdx        = 0b00000
  MEM-WB Latch:
    ctrlWBMemToReg   = 0b0
    ctrlWBRegWrite   = 0b0
    dataMemReadData  = 0x00000000
    aluResult        = 0x00000000
    regDstIdx        = 0b00000
==================== Cycle 2 ====================
PC = 0x00000004
Registers:
  $12 = 0x00000001
Data Memory:
  memory[0x00000003..0x00000000] = 0x00000010
  memory[0x00000007..0x00000004] = 0x00000055
Instruction Memory:
  memory[0x00000003..0x00000000] = 0x8d090000
  memory[0x00000007..0x00000004] = 0x8d0a0004
  memory[0x0000000b..0x00000008] = 0x00000020
  memory[0x0000000f..0x0000000c] = 0x00000020
  memory[0x00000013..0x00000010] = 0x012a5820
  memory[0x00000017..0x00000014] = 0x00000020
  memory[0x0000001b..0x00000018] = 0x00000020
  memory[0x0000001f..0x0000001c] = 0xad0b0008
  memory[0x00000023..0x00000020] = 0x016c6822
  memory[0x00000027..0x00000024] = 0x00000020
  memory[0x0000002b..0x00000028] = 0x00000020
  memory[0x0000002f..0x0000002c] = 0xad0d000c
  memory[0x00000033..0x00000030] = 0x00000020
  memory[0x00000037..0x00000034] = 0x00000020
  memory[0x0000003b..0x00000038] = 0x00000020
  memory[0x0000003f..0x0000003c] = 0x00000020
Latches:
  IF-ID Latch:
    pcPlus4          = 0x00000008
    instruction      = 0x8d0a0004
  ID-EX Latch:
    ctrlWBMemToReg   = 0b1
    ctrlWBRegWrite   = 0b1
    ctrlMEMBranch    = 0b0
    ctrlMEMMemRead   = 0b1
    ctrlMEMMemWrite  = 0b0
    ctrlEXRegDst     = 0b0
    ctrlEXALUOp      = 0b00
    ctrlEXALUSrc     = 0b1
    pcPlus4          = 0x00000004
    regFileReadData1 = 0x00000000
    regFileReadData2 = 0x00000000
    signExtImmediate = 0x00000000
    rt               = 0b01001
    rd               = 0b00000
  EX-MEM Latch:
    ctrlWBMemToReg   = 0b0
    ctrlWBRegWrite   = 0b1
    ctrlMEMBranch    = 0b0
    ctrlMEMMemRead   = 0b0
    ctrlMEMMemWrite  = 0b0
    branchTargetAddr = 0x00000000
    aluZero          = 0b1
    aluResult        = 0x00000000
    regFileReadData2 = 0x00000000
    regDstIdx        = 0b00000
  MEM-WB Latch:
    ctrlWBMemToReg   = 0b0
    ctrlWBRegWrite   = 0b0
    dataMemReadData  = 0x00000000
    aluResult        = 0x00000000
    regDstIdx        = 0b00000
==================== Cycle 3 ====================
PC = 0x00000008
Registers:
  $12 = 0x00000001
Data Memory:
  memory[0x00000003..0x00000000] = 0x00000010
  memory[0x00000007..0x00000004] = 0x00000055
Instruction Memory:
  memory[0x00000003..0x00000000] = 0x8d090000
  memory[0x00000007..0x00000004] = 0x8d0a0004
  memory[0x0000000b..0x00000008] = 0x00000020
  memory[0x0000000f..0x0000000c] = 0x00000020
  memory[0x00000013..0x00000010] = 0x012a5820
  memory[0x00000017..0x00000014] = 0x00000020
  memory[0x0000001b..0x00000018] = 0x00000020
  memory[0x0000001f..0x0000001c] = 0xad0b0008
  memory[0x00000023..0x00000020] = 0x016c6822
  memory[0x00000027..0x00000024] = 0x00000020
  memory[0x0000002b..0x00000028] = 0x00000020
  memory[0x0000002f..0x0000002c] = 0xad0d000c
  memory[0x00000033..0x00000030] = 0x00000020
  memory[0x00000037..0x00000034] = 0x00000020
  memory[0x0000003b..0x00000038] = 0x00000020
  memory[0x0000003f..0x0000003c] = 0x00000020
Latches:
  IF-ID Latch:
    pcPlus4          = 0x0000000c
    instruction      = 0x00000020
  ID-EX Latch:
    ctrlWBMemToReg   = 0b1
    ctrlWBRegWrite   = 0b1
    ctrlMEMBranch    = 0b0
    ctrlMEMMemRead   = 0b1
    ctrlMEMMemWrite  = 0b0
    ctrlEXRegDst     = 0b0
    ctrlEXALUOp      = 0b00
    ctrlEXALUSrc     = 0b1
    pcPlus4          = 0x00000008
    regFileReadData1 = 0x00000000
    regFileReadData2 = 0x00000000
    signExtImmediate = 0x00000004
    rt               = 0b01010
    rd               = 0b00000
  EX-MEM Latch:
    ctrlWBMemToReg   = 0b1
    ctrlWBRegWrite   = 0b1
    ctrlMEMBranch    = 0b0
    ctrlMEMMemRead   = 0b1
    ctrlMEMMemWrite  = 0b0
    branchTargetAddr = 0x00000004
    aluZero          = 0b1
    aluResult        = 0x00000000
    regFileReadData2 = 0x00000000
    regDstIdx        = 0b01001
  MEM-WB Latch:
    ctrlWBMemToReg   = 0b0
    ctrlWBRegWrite   = 0b1
    dataMemReadData  = 0x00000000
    aluResult        = 0x00000000
    regDstIdx        = 0b00000
==================== Cycle 4 ====================
PC = 0x0000000c
Registers:
  $12 = 0x00000001
Data Memory:
  memory[0x00000003..0x00000000] = 0x00000010
  memory[0x00000007..0x00000004] = 0x00000055
Instruction Memory:
  memory[0x00000003..0x00000000] = 0x8d090000
  memory[0x00000007..0x00000004] = 0x8d0a0004
  memory[0x0000000b..0x00000008] = 0x00000020
  memory[0x0000000f..0x0000000c] = 0x00000020
  memory[0x00000013..0x00000010] = 0x012a5820
  memory[0x00000017..0x00000014] = 0x00000020
  memory[0x0000001b..0x00000018] = 0x00000020
  memory[0x0000001f..0x0000001c] = 0xad0b0008
  memory[0x00000023..0x00000020] = 0x016c6822
  memory[0x00000027..0x00000024] = 0x00000020
  memory[0x0000002b..0x00000028] = 0x00000020
  memory[0x0000002f..0x0000002c] = 0xad0d000c
  memory[0x00000033..0x00000030] = 0x00000020
  memory[0x00000037..0x00000034] = 0x00000020
  memory[0x0000003b..0x00000038] = 0x00000020
  memory[0x0000003f..0x0000003c] = 0x00000020
Latches:
  IF-ID Latch:
    pcPlus4          = 0x00000010
    instruction      = 0x00000020
  ID-EX Latch:
    ctrlWBMemToReg   = 0b0
    ctrlWBRegWrite   = 0b1
    ctrlMEMBranch    = 0b0
    ctrlMEMMemRead   = 0b0
    ctrlMEMMemWrite  = 0b0
    ctrlEXRegDst     = 0b1
    ctrlEXALUOp      = 0b10
    ctrlEXALUSrc     = 0b0
    pcPlus4          = 0x0000000c
    regFileReadData1 = 0x00000000
    regFileReadData2 = 0x00000000
    signExtImmediate = 0x00000020
    rt               = 0b00000
    rd               = 0b00000
  EX-MEM Latch:
    ctrlWBMemToReg   = 0b1
    ctrlWBRegWrite   = 0b1
    ctrlMEMBranch    = 0b0
    ctrlMEMMemRead   = 0b1
    ctrlMEMMemWrite  = 0b0
    branchTargetAddr = 0x00000018
    aluZero          = 0b0
    aluResult        = 0x00000004
    regFileReadData2 = 0x00000000
    regDstIdx        = 0b01010
  MEM-WB Latch:
    ctrlWBMemToReg   = 0b1
    ctrlWBRegWrite   = 0b1
    dataMemReadData  = 0x00000010
    aluResult        = 0x00000000
    regDstIdx        = 0b01001
==================== Cycle 5 ====================
PC = 0x00000010
Registers:
  $09 = 0x00000010
  $12 = 0x00000001
Data Memory:
  memory[0x00000003..0x00000000] = 0x00000010
  memory[0x00000007..0x00000004] = 0x00000055
Instruction Memory:
  memory[0x00000003..0x00000000] = 0x8d090000
  memory[0x00000007..0x00000004] = 0x8d0a0004
  memory[0x0000000b..0x00000008] = 0x00000020
  memory[0x0000000f..0x0000000c] = 0x00000020
  memory[0x00000013..0x00000010] = 0x012a5820
  memory[0x00000017..0x00000014] = 0x00000020
  memory[0x0000001b..0x00000018] = 0x00000020
  memory[0x0000001f..0x0000001c] = 0xad0b0008
  memory[0x00000023..0x00000020] = 0x016c6822
  memory[0x00000027..0x00000024] = 0x00000020
  memory[0x0000002b..0x00000028] = 0x00000020
  memory[0x0000002f..0x0000002c] = 0xad0d000c
  memory[0x00000033..0x00000030] = 0x00000020
  memory[0x00000037..0x00000034] = 0x00000020
  memory[0x0000003b..0x00000038] = 0x00000020
  memory[0x0000003f..0x0000003c] = 0x00000020
Latches:
  IF-ID Latch:
    pcPlus4          = 0x00000014
    instruction      = 0x012a5820
  ID-EX Latch:
    ctrlWBMemToReg   = 0b0
    ctrlWBRegWrite   = 0b1
    ctrlMEMBranch    = 0b0
    ctrlMEMMemRead   = 0b0
    ctrlMEMMemWrite  = 0b0
    ctrlEXRegDst     = 0b1
    ctrlEXALUOp      = 0b10
    ctrlEXALUSrc     = 0b0
    pcPlus4          = 0x00000010
    regFileReadData1 = 0x00000000
    regFileReadData2 = 0x00000000
    signExtImmediate = 0x00000020
    rt               = 0b00000
    rd               = 0b00000
  EX-MEM Latch:
    ctrlWBMemToReg   = 0b0
    ctrlWBRegWrite   = 0b1
    ctrlMEMBranch    = 0b0
    ctrlMEMMemRead   = 0b0
    ctrlMEMMemWrite  = 0b0
    branchTargetAddr = 0x0000008c
    aluZero          = 0b1
    aluResult        = 0x00000000
    regFileReadData2 = 0x00000000
    regDstIdx        = 0b00000
  MEM-WB Latch:
    ctrlWBMemToReg   = 0b1
    ctrlWBRegWrite   = 0b1
    dataMemReadData  = 0x00000055
    aluResult        = 0x00000004
    regDstIdx        = 0b01010
==================== Cycle 6 ====================
PC = 0x00000014
Registers:
  $09 = 0x00000010
  $10 = 0x00000055
  $12 = 0x00000001
Data Memory:
  memory[0x00000003..0x00000000] = 0x00000010
  memory[0x00000007..0x00000004] = 0x00000055
Instruction Memory:
  memory[0x00000003..0x00000000] = 0x8d090000
  memory[0x00000007..0x00000004] = 0x8d0a0004
  memory[0x0000000b..0x00000008] = 0x00000020
  memory[0x0000000f..0x0000000c] = 0x00000020
  memory[0x00000013..0x00000010] = 0x012a5820
  memory[0x00000017..0x00000014] = 0x00000020
  memory[0x0000001b..0x00000018] = 0x00000020
  memory[0x0000001f..0x0000001c] = 0xad0b0008
  memory[0x00000023..0x00000020] = 0x016c6822
  memory[0x00000027..0x00000024] = 0x00000020
  memory[0x0000002b..0x00000028] = 0x00000020
  memory[0x0000002f..0x0000002c] = 0xad0d000c
  memory[0x00000033..0x00000030] = 0x00000020
  memory[0x00000037..0x00000034] = 0x00000020
  memory[0x0000003b..0x00000038] = 0x00000020
  memory[0x0000003f..0x0000003c] = 0x00000020
Latches:
  IF-ID Latch:
    pcPlus4          = 0x00000018
    instruction      = 0x00000020
  ID-EX Latch:
    ctrlWBMemToReg   = 0b0
    ctrlWBRegWrite   = 0b1
    ctrlMEMBranch    = 0b0
    ctrlMEMMemRead   = 0b0
    ctrlMEMMemWrite  = 0b0
    ctrlEXRegDst     = 0b1
    ctrlEXALUOp      = 0b10
    ctrlEXALUSrc     = 0b0
    pcPlus4          = 0x00000014
    regFileReadData1 = 0x00000010
    regFileReadData2 = 0x00000055
    signExtImmediate = 0x00005820
    rt               = 0b01010
    rd               = 0b01011
  EX-MEM Latch:
    ctrlWBMemToReg   = 0b0
    ctrlWBRegWrite   = 0b1
    ctrlMEMBranch    = 0b0
    ctrlMEMMemRead   = 0b0
    ctrlMEMMemWrite  = 0b0
    branchTargetAddr = 0x00000090
    aluZero          = 0b1
    aluResult        = 0x00000000
    regFileReadData2 = 0x00000000
    regDstIdx        = 0b00000
  MEM-WB Latch:
    ctrlWBMemToReg   = 0b0
    ctrlWBRegWrite   = 0b1
    dataMemReadData  = 0x00000055
    aluResult        = 0x00000000
    regDstIdx        = 0b00000
==================== Cycle 7 ====================
PC = 0x00000018
Registers:
  $09 = 0x00000010
  $10 = 0x00000055
  $12 = 0x00000001
Data Memory:
  memory[0x00000003..0x00000000] = 0x00000010
  memory[0x00000007..0x00000004] = 0x00000055
Instruction Memory:
  memory[0x00000003..0x00000000] = 0x8d090000
  memory[0x00000007..0x00000004] = 0x8d0a0004
  memory[0x0000000b..0x00000008] = 0x00000020
  memory[0x0000000f..0x0000000c] = 0x00000020
  memory[0x00000013..0x00000010] = 0x012a5820
  memory[0x00000017..0x00000014] = 0x00000020
  memory[0x0000001b..0x00000018] = 0x00000020
  memory[0x0000001f..0x0000001c] = 0xad0b0008
  memory[0x00000023..0x00000020] = 0x016c6822
  memory[0x00000027..0x00000024] = 0x00000020
  memory[0x0000002b..0x00000028] = 0x00000020
  memory[0x0000002f..0x0000002c] = 0xad0d000c
  memory[0x00000033..0x00000030] = 0x00000020
  memory[0x00000037..0x00000034] = 0x00000020
  memory[0x0000003b..0x00000038] = 0x00000020
  memory[0x0000003f..0x0000003c] = 0x00000020
Latches:
  IF-ID Latch:
    pcPlus4          = 0x0000001c
    instruction      = 0x00000020
  ID-EX Latch:
    ctrlWBMemToReg   = 0b0
    ctrlWBRegWrite   = 0b1
    ctrlMEMBranch    = 0b0
    ctrlMEMMemRead   = 0b0
    ctrlMEMMemWrite  = 0b0
    ctrlEXRegDst     = 0b1
    ctrlEXALUOp      = 0b10
    ctrlEXALUSrc     = 0b0
    pcPlus4          = 0x00000018
    regFileReadData1 = 0x00000000
    regFileReadData2 = 0x00000000
    signExtImmediate = 0x00000020
    rt               = 0b00000
    rd               = 0b00000
  EX-MEM Latch:
    ctrlWBMemToReg   = 0b0
    ctrlWBRegWrite   = 0b1
    ctrlMEMBranch    = 0b0
    ctrlMEMMemRead   = 0b0
    ctrlMEMMemWrite  = 0b0
    branchTargetAddr = 0x00016094
    aluZero          = 0b0
    aluResult        = 0x00000065
    regFileReadData2 = 0x00000055
    regDstIdx        = 0b01011
  MEM-WB Latch:
    ctrlWBMemToReg   = 0b0
    ctrlWBRegWrite   = 0b1
    dataMemReadData  = 0x00000055
    aluResult        = 0x00000000
    regDstIdx        = 0b00000
==================== Cycle 8 ====================
PC = 0x0000001c
Registers:
  $09 = 0x00000010
  $10 = 0x00000055
  $12 = 0x00000001
Data Memory:
  memory[0x00000003..0x00000000] = 0x00000010
  memory[0x00000007..0x00000004] = 0x00000055
Instruction Memory:
  memory[0x00000003..0x00000000] = 0x8d090000
  memory[0x00000007..0x00000004] = 0x8d0a0004
  memory[0x0000000b..0x00000008] = 0x00000020
  memory[0x0000000f..0x0000000c] = 0x00000020
  memory[0x00000013..0x00000010] = 0x012a5820
  memory[0x00000017..0x00000014] = 0x00000020
  memory[0x0000001b..0x00000018] = 0x00000020
  memory[0x0000001f..0x0000001c] = 0xad0b0008
  memory[0x00000023..0x00000020] = 0x016c6822
  memory[0x00000027..0x00000024] = 0x00000020
  memory[0x0000002b..0x00000028] = 0x00000020
  memory[0x0000002f..0x0000002c] = 0xad0d000c
  memory[0x00000033..0x00000030] = 0x00000020
  memory[0x00000037..0x00000034] = 0x00000020
  memory[0x0000003b..0x00000038] = 0x00000020
  memory[0x0000003f..0x0000003c] = 0x00000020
Latches:
  IF-ID Latch:
    pcPlus4          = 0x00000020
    instruction      = 0xad0b0008
  ID-EX Latch:
    ctrlWBMemToReg   = 0b0
    ctrlWBRegWrite   = 0b1
    ctrlMEMBranch    = 0b0
    ctrlMEMMemRead   = 0b0
    ctrlMEMMemWrite  = 0b0
    ctrlEXRegDst     = 0b1
    ctrlEXALUOp      = 0b10
    ctrlEXALUSrc     = 0b0
    pcPlus4          = 0x0000001c
    regFileReadData1 = 0x00000000
    regFileReadData2 = 0x00000000
    signExtImmediate = 0x00000020
    rt               = 0b00000
    rd               = 0b00000
  EX-MEM Latch:
    ctrlWBMemToReg   = 0b0
    ctrlWBRegWrite   = 0b1
    ctrlMEMBranch    = 0b0
    ctrlMEMMemRead   = 0b0
    ctrlMEMMemWrite  = 0b0
    branchTargetAddr = 0x00000098
    aluZero          = 0b1
    aluResult        = 0x00000000
    regFileReadData2 = 0x00000000
    regDstIdx        = 0b00000
  MEM-WB Latch:
    ctrlWBMemToReg   = 0b0
    ctrlWBRegWrite   = 0b1
    dataMemReadData  = 0x00000055
    aluResult        = 0x00000065
    regDstIdx        = 0b01011
==================== Cycle 9 ====================
PC = 0x00000020
Registers:
  $09 = 0x00000010
  $10 = 0x00000055
  $11 = 0x00000065
  $12 = 0x00000001
Data Memory:
  memory[0x00000003..0x00000000] = 0x00000010
  memory[0x00000007..0x00000004] = 0x00000055
Instruction Memory:
  memory[0x00000003..0x00000000] = 0x8d090000
  memory[0x00000007..0x00000004] = 0x8d0a0004
  memory[0x0000000b..0x00000008] = 0x00000020
  memory[0x0000000f..0x0000000c] = 0x00000020
  memory[0x00000013..0x00000010] = 0x012a5820
  memory[0x00000017..0x00000014] = 0x00000020
  memory[0x0000001b..0x00000018] = 0x00000020
  memory[0x0000001f..0x0000001c] = 0xad0b0008
  memory[0x00000023..0x00000020] = 0x016c6822
  memory[0x00000027..0x00000024] = 0x00000020
  memory[0x0000002b..0x00000028] = 0x00000020
  memory[0x0000002f..0x0000002c] = 0xad0d000c
  memory[0x00000033..0x00000030] = 0x00000020
  memory[0x00000037..0x00000034] = 0x00000020
  memory[0x0000003b..0x00000038] = 0x00000020
  memory[0x0000003f..0x0000003c] = 0x00000020
Latches:
  IF-ID Latch:
    pcPlus4          = 0x00000024
    instruction      = 0x016c6822
  ID-EX Latch:
    ctrlWBMemToReg   = 0b0
    ctrlWBRegWrite   = 0b0
    ctrlMEMBranch    = 0b0
    ctrlMEMMemRead   = 0b0
    ctrlMEMMemWrite  = 0b1
    ctrlEXRegDst     = 0b0
    ctrlEXALUOp      = 0b00
    ctrlEXALUSrc     = 0b1
    pcPlus4          = 0x00000020
    regFileReadData1 = 0x00000000
    regFileReadData2 = 0x00000065
    signExtImmediate = 0x00000008
    rt               = 0b01011
    rd               = 0b00000
  EX-MEM Latch:
    ctrlWBMemToReg   = 0b0
    ctrlWBRegWrite   = 0b1
    ctrlMEMBranch    = 0b0
    ctrlMEMMemRead   = 0b0
    ctrlMEMMemWrite  = 0b0
    branchTargetAddr = 0x0000009c
    aluZero          = 0b1
    aluResult        = 0x00000000
    regFileReadData2 = 0x00000000
    regDstIdx        = 0b00000
  MEM-WB Latch:
    ctrlWBMemToReg   = 0b0
    ctrlWBRegWrite   = 0b1
    dataMemReadData  = 0x00000055
    aluResult        = 0x00000000
    regDstIdx        = 0b00000
==================== Cycle 10 ====================
PC = 0x00000024
Registers:
  $09 = 0x00000010
  $10 = 0x00000055
  $11 = 0x00000065
  $12 = 0x00000001
Data Memory:
  memory[0x00000003..0x00000000] = 0x00000010
  memory[0x00000007..0x00000004] = 0x00000055
Instruction Memory:
  memory[0x00000003..0x00000000] = 0x8d090000
  memory[0x00000007..0x00000004] = 0x8d0a0004
  memory[0x0000000b..0x00000008] = 0x00000020
  memory[0x0000000f..0x0000000c] = 0x00000020
  memory[0x00000013..0x00000010] = 0x012a5820
  memory[0x00000017..0x00000014] = 0x00000020
  memory[0x0000001b..0x00000018] = 0x00000020
  memory[0x0000001f..0x0000001c] = 0xad0b0008
  memory[0x00000023..0x00000020] = 0x016c6822
  memory[0x00000027..0x00000024] = 0x00000020
  memory[0x0000002b..0x00000028] = 0x00000020
  memory[0x0000002f..0x0000002c] = 0xad0d000c
  memory[0x00000033..0x00000030] = 0x00000020
  memory[0x00000037..0x00000034] = 0x00000020
  memory[0x0000003b..0x00000038] = 0x00000020
  memory[0x0000003f..0x0000003c] = 0x00000020
Latches:
  IF-ID Latch:
    pcPlus4          = 0x00000028
    instruction      = 0x00000020
  ID-EX Latch:
    ctrlWBMemToReg   = 0b0
    ctrlWBRegWrite   = 0b1
    ctrlMEMBranch    = 0b0
    ctrlMEMMemRead   = 0b0
    ctrlMEMMemWrite  = 0b0
    ctrlEXRegDst     = 0b1
    ctrlEXALUOp      = 0b10
    ctrlEXALUSrc     = 0b0
    pcPlus4          = 0x00000024
    regFileReadData1 = 0x00000065
    regFileReadData2 = 0x00000001
    signExtImmediate = 0x00006822
    rt               = 0b01100
    rd               = 0b01101
  EX-MEM Latch:
    ctrlWBMemToReg   = 0b0
    ctrlWBRegWrite   = 0b0
    ctrlMEMBranch    = 0b0
    ctrlMEMMemRead   = 0b0
    ctrlMEMMemWrite  = 0b1
    branchTargetAddr = 0x00000040
    aluZero          = 0b0
    aluResult        = 0x00000008
    regFileReadData2 = 0x00000065
    regDstIdx        = 0b01011
  MEM-WB Latch:
    ctrlWBMemToReg   = 0b0
    ctrlWBRegWrite   = 0b1
    dataMemReadData  = 0x00000055
    aluResult        = 0x00000000
    regDstIdx        = 0b00000
==================== Cycle 11 ====================
PC = 0x00000028
Registers:
  $09 = 0x00000010
  $10 = 0x00000055
  $11 = 0x00000065
  $12 = 0x00000001
Data Memory:
  memory[0x00000003..0x00000000] = 0x00000010
  memory[0x00000007..0x00000004] = 0x00000055
  memory[0x0000000b..0x00000008] = 0x00000065
Instruction Memory:
  memory[0x00000003..0x00000000] = 0x8d090000
  memory[0x00000007..0x00000004] = 0x8d0a0004
  memory[0x0000000b..0x00000008] = 0x00000020
  memory[0x0000000f..0x0000000c] = 0x00000020
  memory[0x00000013..0x00000010] = 0x012a5820
  memory[0x00000017..0x00000014] = 0x00000020
  memory[0x0000001b..0x00000018] = 0x00000020
  memory[0x0000001f..0x0000001c] = 0xad0b0008
  memory[0x00000023..0x00000020] = 0x016c6822
  memory[0x00000027..0x00000024] = 0x00000020
  memory[0x0000002b..0x00000028] = 0x00000020
  memory[0x0000002f..0x0000002c] = 0xad0d000c
  memory[0x00000033..0x00000030] = 0x00000020
  memory[0x00000037..0x00000034] = 0x00000020
  memory[0x0000003b..0x00000038] = 0x00000020
  memory[0x0000003f..0x0000003c] = 0x00000020
Latches:
  IF-ID Latch:
    pcPlus4          = 0x0000002c
    instruction      = 0x00000020
  ID-EX Latch:
    ctrlWBMemToReg   = 0b0
    ctrlWBRegWrite   = 0b1
    ctrlMEMBranch    = 0b0
    ctrlMEMMemRead   = 0b0
    ctrlMEMMemWrite  = 0b0
    ctrlEXRegDst     = 0b1
    ctrlEXALUOp      = 0b10
    ctrlEXALUSrc     = 0b0
    pcPlus4          = 0x00000028
    regFileReadData1 = 0x00000000
    regFileReadData2 = 0x00000000
    signExtImmediate = 0x00000020
    rt               = 0b00000
    rd               = 0b00000
  EX-MEM Latch:
    ctrlWBMemToReg   = 0b0
    ctrlWBRegWrite   = 0b1
    ctrlMEMBranch    = 0b0
    ctrlMEMMemRead   = 0b0
    ctrlMEMMemWrite  = 0b0
    branchTargetAddr = 0x0001a0ac
    aluZero          = 0b0
    aluResult        = 0x00000064
    regFileReadData2 = 0x00000001
    regDstIdx        = 0b01101
  MEM-WB Latch:
    ctrlWBMemToReg   = 0b0
    ctrlWBRegWrite   = 0b0
    dataMemReadData  = 0x00000055
    aluResult        = 0x00000008
    regDstIdx        = 0b01011
==================== Cycle 12 ====================
PC = 0x0000002c
Registers:
  $09 = 0x00000010
  $10 = 0x00000055
  $11 = 0x00000065
  $12 = 0x00000001
Data Memory:
  memory[0x00000003..0x00000000] = 0x00000010
  memory[0x00000007..0x00000004] = 0x00000055
  memory[0x0000000b..0x00000008] = 0x00000065
Instruction Memory:
  memory[0x00000003..0x00000000] = 0x8d090000
  memory[0x00000007..0x00000004] = 0x8d0a0004
  memory[0x0000000b..0x00000008] = 0x00000020
  memory[0x0000000f..0x0000000c] = 0x00000020
  memory[0x00000013..0x00000010] = 0x012a5820
  memory[0x00000017..0x00000014] = 0x00000020
  memory[0x0000001b..0x00000018] = 0x00000020
  memory[0x0000001f..0x0000001c] = 0xad0b0008
  memory[0x00000023..0x00000020] = 0x016c6822
  memory[0x00000027..0x00000024] = 0x00000020
  memory[0x0000002b..0x00000028] = 0x00000020
  memory[0x0000002f..0x0000002c] = 0xad0d000c
  memory[0x00000033..0x00000030] = 0x00000020
  memory[0x00000037..0x00000034] = 0x00000020
  memory[0x0000003b..0x00000038] = 0x00000020
  memory[0x0000003f..0x0000003c] = 0x00000020
Latches:
  IF-ID Latch:
    pcPlus4          = 0x00000030
    instruction      = 0xad0d000c
  ID-EX Latch:
    ctrlWBMemToReg   = 0b0
    ctrlWBRegWrite   = 0b1
    ctrlMEMBranch    = 0b0
    ctrlMEMMemRead   = 0b0
    ctrlMEMMemWrite  = 0b0
    ctrlEXRegDst     = 0b1
    ctrlEXALUOp      = 0b10
    ctrlEXALUSrc     = 0b0
    pcPlus4          = 0x0000002c
    regFileReadData1 = 0x00000000
    regFileReadData2 = 0x00000000
    signExtImmediate = 0x00000020
    rt               = 0b00000
    rd               = 0b00000
  EX-MEM Latch:
    ctrlWBMemToReg   = 0b0
    ctrlWBRegWrite   = 0b1
    ctrlMEMBranch    = 0b0
    ctrlMEMMemRead   = 0b0
    ctrlMEMMemWrite  = 0b0
    branchTargetAddr = 0x000000a8
    aluZero          = 0b1
    aluResult        = 0x00000000
    regFileReadData2 = 0x00000000
    regDstIdx        = 0b00000
  MEM-WB Latch:
    ctrlWBMemToReg   = 0b0
    ctrlWBRegWrite   = 0b1
    dataMemReadData  = 0x00000055
    aluResult        = 0x00000064
    regDstIdx        = 0b01101
==================== Cycle 13 ====================
PC = 0x00000030
Registers:
  $09 = 0x00000010
  $10 = 0x00000055
  $11 = 0x00000065
  $12 = 0x00000001
  $13 = 0x00000064
Data Memory:
  memory[0x00000003..0x00000000] = 0x00000010
  memory[0x00000007..0x00000004] = 0x00000055
  memory[0x0000000b..0x00000008] = 0x00000065
Instruction Memory:
  memory[0x00000003..0x00000000] = 0x8d090000
  memory[0x00000007..0x00000004] = 0x8d0a0004
  memory[0x0000000b..0x00000008] = 0x00000020
  memory[0x0000000f..0x0000000c] = 0x00000020
  memory[0x00000013..0x00000010] = 0x012a5820
  memory[0x00000017..0x00000014] = 0x00000020
  memory[0x0000001b..0x00000018] = 0x00000020
  memory[0x0000001f..0x0000001c] = 0xad0b0008
  memory[0x00000023..0x00000020] = 0x016c6822
  memory[0x00000027..0x00000024] = 0x00000020
  memory[0x0000002b..0x00000028] = 0x00000020
  memory[0x0000002f..0x0000002c] = 0xad0d000c
  memory[0x00000033..0x00000030] = 0x00000020
  memory[0x00000037..0x00000034] = 0x00000020
  memory[0x0000003b..0x00000038] = 0x00000020
  memory[0x0000003f..0x0000003c] = 0x00000020
Latches:
  IF-ID Latch:
    pcPlus4          = 0x00000034
    instruction      = 0x00000020
  ID-EX Latch:
    ctrlWBMemToReg   = 0b0
    ctrlWBRegWrite   = 0b0
    ctrlMEMBranch    = 0b0
    ctrlMEMMemRead   = 0b0
    ctrlMEMMemWrite  = 0b1
    ctrlEXRegDst     = 0b0
    ctrlEXALUOp      = 0b00
    ctrlEXALUSrc     = 0b1
    pcPlus4          = 0x00000030
    regFileReadData1 = 0x00000000
    regFileReadData2 = 0x00000064
    signExtImmediate = 0x0000000c
    rt               = 0b01101
    rd               = 0b00000
  EX-MEM Latch:
    ctrlWBMemToReg   = 0b0
    ctrlWBRegWrite   = 0b1
    ctrlMEMBranch    = 0b0
    ctrlMEMMemRead   = 0b0
    ctrlMEMMemWrite  = 0b0
    branchTargetAddr = 0x000000ac
    aluZero          = 0b1
    aluResult        = 0x00000000
    regFileReadData2 = 0x00000000
    regDstIdx        = 0b00000
  MEM-WB Latch:
    ctrlWBMemToReg   = 0b0
    ctrlWBRegWrite   = 0b1
    dataMemReadData  = 0x00000055
    aluResult        = 0x00000000
    regDstIdx        = 0b00000
==================== Cycle 14 ====================
PC = 0x00000034
Registers:
  $09 = 0x00000010
  $10 = 0x00000055
  $11 = 0x00000065
  $12 = 0x00000001
  $13 = 0x00000064
Data Memory:
  memory[0x00000003..0x00000000] = 0x00000010
  memory[0x00000007..0x00000004] = 0x00000055
  memory[0x0000000b..0x00000008] = 0x00000065
Instruction Memory:
  memory[0x00000003..0x00000000] = 0x8d090000
  memory[0x00000007..0x00000004] = 0x8d0a0004
  memory[0x0000000b..0x00000008] = 0x00000020
  memory[0x0000000f..0x0000000c] = 0x00000020
  memory[0x00000013..0x00000010] = 0x012a5820
  memory[0x00000017..0x00000014] = 0x00000020
  memory[0x0000001b..0x00000018] = 0x00000020
  memory[0x0000001f..0x0000001c] = 0xad0b0008
  memory[0x00000023..0x00000020] = 0x016c6822
  memory[0x00000027..0x00000024] = 0x00000020
  memory[0x0000002b..0x00000028] = 0x00000020
  memory[0x0000002f..0x0000002c] = 0xad0d000c
  memory[0x00000033..0x00000030] = 0x00000020
  memory[0x00000037..0x00000034] = 0x00000020
  memory[0x0000003b..0x00000038] = 0x00000020
  memory[0x0000003f..0x0000003c] = 0x00000020
Latches:
  IF-ID Latch:
    pcPlus4          = 0x00000038
    instruction      = 0x00000020
  ID-EX Latch:
    ctrlWBMemToReg   = 0b0
    ctrlWBRegWrite   = 0b1
    ctrlMEMBranch    = 0b0
    ctrlMEMMemRead   = 0b0
    ctrlMEMMemWrite  = 0b0
    ctrlEXRegDst     = 0b1
    ctrlEXALUOp      = 0b10
    ctrlEXALUSrc     = 0b0
    pcPlus4          = 0x00000034
    regFileReadData1 = 0x00000000
    regFileReadData2 = 0x00000000
    signExtImmediate = 0x00000020
    rt               = 0b00000
    rd               = 0b00000
  EX-MEM Latch:
    ctrlWBMemToReg   = 0b0
    ctrlWBRegWrite   = 0b0
    ctrlMEMBranch    = 0b0
    ctrlMEMMemRead   = 0b0
    ctrlMEMMemWrite  = 0b1
    branchTargetAddr = 0x00000060
    aluZero          = 0b0
    aluResult        = 0x0000000c
    regFileReadData2 = 0x00000064
    regDstIdx        = 0b01101
  MEM-WB Latch:
    ctrlWBMemToReg   = 0b0
    ctrlWBRegWrite   = 0b1
    dataMemReadData  = 0x00000055
    aluResult        = 0x00000000
    regDstIdx        = 0b00000
==================== Cycle 15 ====================
PC = 0x00000038
Registers:
  $09 = 0x00000010
  $10 = 0x00000055
  $11 = 0x00000065
  $12 = 0x00000001
  $13 = 0x00000064
Data Memory:
  memory[0x00000003..0x00000000] = 0x00000010
  memory[0x00000007..0x00000004] = 0x00000055
  memory[0x0000000b..0x00000008] = 0x00000065
  memory[0x0000000f..0x0000000c] = 0x00000064
Instruction Memory:
  memory[0x00000003..0x00000000] = 0x8d090000
  memory[0x00000007..0x00000004] = 0x8d0a0004
  memory[0x0000000b..0x00000008] = 0x00000020
  memory[0x0000000f..0x0000000c] = 0x00000020
  memory[0x00000013..0x00000010] = 0x012a5820
  memory[0x00000017..0x00000014] = 0x00000020
  memory[0x0000001b..0x00000018] = 0x00000020
  memory[0x0000001f..0x0000001c] = 0xad0b0008
  memory[0x00000023..0x00000020] = 0x016c6822
  memory[0x00000027..0x00000024] = 0x00000020
  memory[0x0000002b..0x00000028] = 0x00000020
  memory[0x0000002f..0x0000002c] = 0xad0d000c
  memory[0x00000033..0x00000030] = 0x00000020
  memory[0x00000037..0x00000034] = 0x00000020
  memory[0x0000003b..0x00000038] = 0x00000020
  memory[0x0000003f..0x0000003c] = 0x00000020
Latches:
  IF-ID Latch:
    pcPlus4          = 0x0000003c
    instruction      = 0x00000020
  ID-EX Latch:
    ctrlWBMemToReg   = 0b0
    ctrlWBRegWrite   = 0b1
    ctrlMEMBranch    = 0b0
    ctrlMEMMemRead   = 0b0
    ctrlMEMMemWrite  = 0b0
    ctrlEXRegDst     = 0b1
    ctrlEXALUOp      = 0b10
    ctrlEXALUSrc     = 0b0
    pcPlus4          = 0x00000038
    regFileReadData1 = 0x00000000
    regFileReadData2 = 0x00000000
    signExtImmediate = 0x00000020
    rt               = 0b00000
    rd               = 0b00000
  EX-MEM Latch:
    ctrlWBMemToReg   = 0b0
    ctrlWBRegWrite   = 0b1
    ctrlMEMBranch    = 0b0
    ctrlMEMMemRead   = 0b0
    ctrlMEMMemWrite  = 0b0
    branchTargetAddr = 0x000000b4
    aluZero          = 0b1
    aluResult        = 0x00000000
    regFileReadData2 = 0x00000000
    regDstIdx        = 0b00000
  MEM-WB Latch:
    ctrlWBMemToReg   = 0b0
    ctrlWBRegWrite   = 0b0
    dataMemReadData  = 0x00000055
    aluResult        = 0x0000000c
    regDstIdx        = 0b01101
==================== Cycle 16 ====================
PC = 0x0000003c
Registers:
  $09 = 0x00000010
  $10 = 0x00000055
  $11 = 0x00000065
  $12 = 0x00000001
  $13 = 0x00000064
Data Memory:
  memory[0x00000003..0x00000000] = 0x00000010
  memory[0x00000007..0x00000004] = 0x00000055
  memory[0x0000000b..0x00000008] = 0x00000065
  memory[0x0000000f..0x0000000c] = 0x00000064
Instruction Memory:
  memory[0x00000003..0x00000000] = 0x8d090000
  memory[0x00000007..0x00000004] = 0x8d0a0004
  memory[0x0000000b..0x00000008] = 0x00000020
  memory[0x0000000f..0x0000000c] = 0x00000020
  memory[0x00000013..0x00000010] = 0x012a5820
  memory[0x00000017..0x00000014] = 0x00000020
  memory[0x0000001b..0x00000018] = 0x00000020
  memory[0x0000001f..0x0000001c] = 0xad0b0008
  memory[0x00000023..0x00000020] = 0x016c6822
  memory[0x00000027..0x00000024] = 0x00000020
  memory[0x0000002b..0x00000028] = 0x00000020
  memory[0x0000002f..0x0000002c] = 0xad0d000c
  memory[0x00000033..0x00000030] = 0x00000020
  memory[0x00000037..0x00000034] = 0x00000020
  memory[0x0000003b..0x00000038] = 0x00000020
  memory[0x0000003f..0x0000003c] = 0x00000020
Latches:
  IF-ID Latch:
    pcPlus4          = 0x00000040
    instruction      = 0x00000020
  ID-EX Latch:
    ctrlWBMemToReg   = 0b0
    ctrlWBRegWrite   = 0b1
    ctrlMEMBranch    = 0b0
    ctrlMEMMemRead   = 0b0
    ctrlMEMMemWrite  = 0b0
    ctrlEXRegDst     = 0b1
    ctrlEXALUOp      = 0b10
    ctrlEXALUSrc     = 0b0
    pcPlus4          = 0x0000003c
    regFileReadData1 = 0x00000000
    regFileReadData2 = 0x00000000
    signExtImmediate = 0x00000020
    rt               = 0b00000
    rd               = 0b00000
  EX-MEM Latch:
    ctrlWBMemToReg   = 0b0
    ctrlWBRegWrite   = 0b1
    ctrlMEMBranch    = 0b0
    ctrlMEMMemRead   = 0b0
    ctrlMEMMemWrite  = 0b0
    branchTargetAddr = 0x000000b8
    aluZero          = 0b1
    aluResult        = 0x00000000
    regFileReadData2 = 0x00000000
    regDstIdx        = 0b00000
  MEM-WB Latch:
    ctrlWBMemToReg   = 0b0
    ctrlWBRegWrite   = 0b1
    dataMemReadData  = 0x00000055
    aluResult        = 0x00000000
    regDstIdx        = 0b00000
